// Vitest Snapshot v1, https://vitest.dev/guide/snapshot.html

exports[`Breadcrumbs are correctly rendered 1`] = `
<div>
  <nav
    aria-label="Breadcrumbs"
  >
    <ol
      class="m-0 list-none p-0"
    >
      <li
        class="mr-3 inline before:content-['/'] before:first-of-type:content-['']"
      >
        <a
          aria-current="false"
          class="text-decoration-none hover:text-decoration:revert ml-3 hover:underline"
          href="/"
        >
          Electronics
        </a>
      </li>
      <li
        class="mr-3 inline before:content-['/'] before:first-of-type:content-['']"
      >
        <a
          aria-current="false"
          class="text-decoration-none hover:text-decoration:revert ml-3 hover:underline"
          href="/cellphones"
        >
          Cell Phones
        </a>
      </li>
      <li
        class="mr-3 inline before:content-['/'] before:first-of-type:content-['']"
      >
        <a
          aria-current="page"
          class="text-decoration-none hover:text-decoration:revert ml-3 hover:underline"
          href="/cellphones/cases"
        >
          Cases
        </a>
      </li>
    </ol>
  </nav>
</div>
`;
